[     263ms] [INFO] %cDownload the React DevTools for a better development experience: https://reactjs.org/link/react-devtools font-weight:bold @ webpack-internal:///../node_modules/react-dom/cjs/react-dom.development.js:29835
[     402ms] [INFO] %cDownload the React DevTools for a better development experience: https://reactjs.org/link/react-devtools font-weight:bold @ webpack-internal:///../platform/components/dist/index.esm.js:5484
[     435ms] [ERROR] Warning: ReactDOM.render is no longer supported in React 18. Use createRoot instead. Until you switch to the new API, your app will behave as if it's running React 17. Learn more: https://reactjs.org/link/switch-to-createroot @ webpack-internal:///../node_modules/react-dom/cjs/react-dom.development.js:85
[     732ms] [LOG] Loading plugin playbooks, version 2.11.0+96e990f5 @ webpack-internal:///./src/plugins/index.ts:176
[     733ms] [LOG] Loading plugin com.mattermost.docs, version 0.0.0+7bc8af0 @ webpack-internal:///./src/plugins/index.ts:176
[     733ms] [LOG] Loading plugin com.mattermost.calls, version 1.12.2+56f40db6 @ webpack-internal:///./src/plugins/index.ts:176
[     758ms] [WARNING] You are loading @emotion/react when it is already loaded. Running multiple instances may cause problems. This can happen if multiple versions are used, or if multiple builds of the same version are used. @ webpack-internal:///./node_modules/@emotion/react/dist/emotion-react.browser.esm.js:378
[     765ms] [LOG] Loaded plugin com.mattermost.docs, version 0.0.0+7bc8af0 @ webpack-internal:///./src/plugins/index.ts:163
[     908ms] [LOG] Loaded plugin com.mattermost.calls, version 1.12.2+56f40db6 @ webpack-internal:///./src/plugins/index.ts:163
[    1038ms] [WARNING] It looks like there are several instances of 'styled-components' initialized in this application. This may cause dynamic styles to not render properly, errors during the rehydration process, a missing theme prop, and makes your application bigger without good reason.

See https://s-c.sh/2BAXzed for more info. @ webpack-internal:///./node_modules/styled-components/dist/styled-components.browser.esm.js:31
[    1043ms] [WARNING] You are loading @emotion/react when it is already loaded. Running multiple instances may cause problems. This can happen if multiple versions are used, or if multiple builds of the same version are used. @ webpack-internal:///./node_modules/@emotion/react/dist/emotion-react.browser.esm.js:377
[    1144ms] [ERROR] The `pure` option has been removed. `connect` is now always a "pure/memoized" component @ webpack-internal:///../node_modules/react-redux/dist/react-redux.mjs:86
[    1231ms] [LOG] Loaded plugin playbooks, version 2.11.0+96e990f5 @ webpack-internal:///./src/plugins/index.ts:163
[    1252ms] [ERROR] Failed to load resource: the server responded with a status of 401 (Unauthorized) @ http://localhost:8065/plugins/playbooks/api/v0/settings:0
[    1264ms] ClientError: Not authorized

    at doFetchWithResponse (webpack-internal:///./src/client.ts:808:9)
    at async doGet (webpack-internal:///./src/client.ts:749:7)
    at async fetchGlobalSettings (webpack-internal:///./src/client.ts:597:16)
    at async getGlobalSettings (webpack-internal:///./src/index.tsx:313:92)
[    1378ms] [VERBOSE] [DOM] Input elements should have autocomplete attributes (suggested: "current-password"): (More info: https://goo.gl/9p2vKq) %o @ http://localhost:8065/login:0
[    9651ms] [LOG] Initializing or re-initializing WebSocket @ webpack-internal:///./src/actions/websocket_actions.ts:276
[    9651ms] [LOG] websocket connecting to ws://localhost:8065/api/v4/websocket @ webpack-internal:///../platform/client/lib/websocket.js:115
[    9873ms] [LOG] got connection id  oatnc3jk73b35xzk1qjnxagq3a @ webpack-internal:///../platform/client/lib/websocket.js:293
[    9902ms] [WARNING] Selector unknown returned a different result when called with the same parameters. This can lead to unnecessary rerenders.
Selectors that return a new reference (such as an object or an array) should be memoized: https://redux.js.org/usage/deriving-data-selectors#optimizing-selectors-with-memoization {state: Object, selected: Object, selected2: Object, stack: Error
    at eval (webpack-internal:///../node_mod…/react-dom/cjs/react-dom.development.js:16305:18)} @ webpack-internal:///../node_modules/react-redux/dist/react-redux.mjs:1018
