[       9ms] [LOG] websocket closed manually @ webpack-internal:///../platform/client/lib/websocket.js:449
[      90ms] [INFO] %cDownload the React DevTools for a better development experience: https://reactjs.org/link/react-devtools font-weight:bold @ webpack-internal:///../node_modules/react-dom/cjs/react-dom.development.js:29835
[     109ms] [INFO] %cDownload the React DevTools for a better development experience: https://reactjs.org/link/react-devtools font-weight:bold @ webpack-internal:///../platform/components/dist/index.esm.js:5484
[     128ms] [ERROR] Warning: ReactDOM.render is no longer supported in React 18. Use createRoot instead. Until you switch to the new API, your app will behave as if it's running React 17. Learn more: https://reactjs.org/link/switch-to-createroot @ webpack-internal:///../node_modules/react-dom/cjs/react-dom.development.js:85
[     373ms] [LOG] Loading plugin playbooks, version 2.11.0+96e990f5 @ webpack-internal:///./src/plugins/index.ts:176
[     373ms] [LOG] Loading plugin com.mattermost.docs, version 0.0.0+7bc8af0 @ webpack-internal:///./src/plugins/index.ts:176
[     373ms] [LOG] Loading plugin com.mattermost.calls, version 1.12.2+56f40db6 @ webpack-internal:///./src/plugins/index.ts:176
[     375ms] [WARNING] It looks like there are several instances of 'styled-components' initialized in this application. This may cause dynamic styles to not render properly, errors during the rehydration process, a missing theme prop, and makes your application bigger without good reason.

See https://s-c.sh/2BAXzed for more info. @ webpack-internal:///./node_modules/styled-components/dist/styled-components.browser.esm.js:31
[     376ms] [WARNING] You are loading @emotion/react when it is already loaded. Running multiple instances may cause problems. This can happen if multiple versions are used, or if multiple builds of the same version are used. @ webpack-internal:///./node_modules/@emotion/react/dist/emotion-react.browser.esm.js:377
[     390ms] [ERROR] The `pure` option has been removed. `connect` is now always a "pure/memoized" component @ webpack-internal:///../node_modules/react-redux/dist/react-redux.mjs:86
[     409ms] [LOG] Download the Apollo DevTools for a better development experience: https://chrome.google.com/webstore/detail/apollo-client-developer-t/jdkknkkbebbapilgoeccciglkfbmbnfm @ webpack-internal:///./node_modules/ts-invariant/lib/invariant.js:42
[     413ms] [LOG] Loaded plugin playbooks, version 2.11.0+96e990f5 @ webpack-internal:///./src/plugins/index.ts:163
[     455ms] [WARNING] You are loading @emotion/react when it is already loaded. Running multiple instances may cause problems. This can happen if multiple versions are used, or if multiple builds of the same version are used. @ webpack-internal:///./node_modules/@emotion/react/dist/emotion-react.browser.esm.js:378
[     457ms] [LOG] Loaded plugin com.mattermost.docs, version 0.0.0+7bc8af0 @ webpack-internal:///./src/plugins/index.ts:163
[     481ms] [LOG] Loaded plugin com.mattermost.calls, version 1.12.2+56f40db6 @ webpack-internal:///./src/plugins/index.ts:163
[     499ms] [LOG] Initializing or re-initializing WebSocket @ webpack-internal:///./src/actions/websocket_actions.ts:276
[     500ms] [LOG] websocket connecting to ws://localhost:8065/api/v4/websocket @ webpack-internal:///../platform/client/lib/websocket.js:115
[     612ms] [LOG] got connection id  7ab3zccp33dxdq5b3nwq83d8zo @ webpack-internal:///../platform/client/lib/websocket.js:293
[     716ms] [WARNING] Selector unknown returned a different result when called with the same parameters. This can lead to unnecessary rerenders.
Selectors that return a new reference (such as an object or an array) should be memoized: https://redux.js.org/usage/deriving-data-selectors#optimizing-selectors-with-memoization {state: Object, selected: Object, selected2: Object, stack: Error
    at eval (webpack-internal:///../node_mod…/react-dom/cjs/react-dom.development.js:16305:18)} @ webpack-internal:///../node_modules/react-redux/dist/react-redux.mjs:1018
[     988ms] [WARNING] Selector unknown returned a different result when called with the same parameters. This can lead to unnecessary rerenders.
Selectors that return a new reference (such as an object or an array) should be memoized: https://redux.js.org/usage/deriving-data-selectors#optimizing-selectors-with-memoization {state: Object, selected: , selected2: , stack: Error
    at eval (webpack-internal:///../node_mod…nal:///./src/components/rhs/rhs_about.tsx:180:64)} @ webpack-internal:///../node_modules/react-redux/dist/react-redux.mjs:1018
[   49906ms] [ERROR] Failed to load resource: the server responded with a status of 400 (Bad Request) @ http://localhost:8065/api/v4/jobs/type/post_persistent_notifications?page=0&per_page=50:0
[  229945ms] [ERROR] Failed to load resource: the server responded with a status of 400 (Bad Request) @ http://localhost:8065/api/v4/jobs/type/post_persistent_notifications?page=0&per_page=50:0
[  409981ms] [ERROR] Failed to load resource: the server responded with a status of 400 (Bad Request) @ http://localhost:8065/api/v4/jobs/type/post_persistent_notifications?page=0&per_page=50:0
[  469995ms] [ERROR] Failed to load resource: the server responded with a status of 400 (Bad Request) @ http://localhost:8065/api/v4/jobs/type/cleanup_desktop_tokens?page=0&per_page=50:0
[  526333ms] [LOG] Loading plugin playbooks, version 2.11.0+af80def4 @ webpack-internal:///./src/plugins/index.ts:176
[  526831ms] [WARNING] You are loading @emotion/react when it is already loaded. Running multiple instances may cause problems. This can happen if multiple versions are used, or if multiple builds of the same version are used. @ webpack-internal:///./node_modules/@emotion/react/dist/emotion-react.browser.esm.js:377
[  527022ms] [LOG] Download the Apollo DevTools for a better development experience: https://chrome.google.com/webstore/detail/apollo-client-developer-t/jdkknkkbebbapilgoeccciglkfbmbnfm @ webpack-internal:///./node_modules/ts-invariant/lib/invariant.js:42
[  527188ms] [LOG] Loaded plugin playbooks, version 2.11.0+af80def4 @ webpack-internal:///./src/plugins/index.ts:163
[  527411ms] [WARNING] Selector unknown returned a different result when called with the same parameters. This can lead to unnecessary rerenders.
Selectors that return a new reference (such as an object or an array) should be memoized: https://redux.js.org/usage/deriving-data-selectors#optimizing-selectors-with-memoization {state: Object, selected: , selected2: , stack: Error
    at eval (webpack-internal:///../node_mod…nal:///./src/components/rhs/rhs_about.tsx:180:64)} @ webpack-internal:///../node_modules/react-redux/dist/react-redux.mjs:1018
[  590041ms] [ERROR] Failed to load resource: the server responded with a status of 400 (Bad Request) @ http://localhost:8065/api/v4/jobs/type/post_persistent_notifications?page=0&per_page=50:0
[  590115ms] [ERROR] Failed to load resource: the server responded with a status of 400 (Bad Request) @ http://localhost:8065/api/v4/jobs/type/delete_expired_posts?page=0&per_page=50:0
[  770025ms] [ERROR] Failed to load resource: the server responded with a status of 400 (Bad Request) @ http://localhost:8065/api/v4/jobs/type/post_persistent_notifications?page=0&per_page=50:0
[  950072ms] [ERROR] Failed to load resource: the server responded with a status of 400 (Bad Request) @ http://localhost:8065/api/v4/jobs/type/post_persistent_notifications?page=0&per_page=50:0
[ 1130103ms] [ERROR] Failed to load resource: the server responded with a status of 400 (Bad Request) @ http://localhost:8065/api/v4/jobs/type/post_persistent_notifications?page=0&per_page=50:0
[ 1250224ms] [ERROR] Failed to load resource: the server responded with a status of 400 (Bad Request) @ http://localhost:8065/api/v4/jobs/type/delete_expired_posts?page=0&per_page=50:0
[ 1310149ms] [ERROR] Failed to load resource: the server responded with a status of 400 (Bad Request) @ http://localhost:8065/api/v4/jobs/type/post_persistent_notifications?page=0&per_page=50:0
[ 1490181ms] [ERROR] Failed to load resource: the server responded with a status of 400 (Bad Request) @ http://localhost:8065/api/v4/jobs/type/post_persistent_notifications?page=0&per_page=50:0
[ 1592760ms] [ERROR] Warning: The tag <%s> is unrecognized in this browser. If you meant to render a React component, start its name with an uppercase letter.%s text 
    at text
    at O (webpack-internal:///./node_modules/styled-components/dist/styled-components.browser.esm.js:32:10601)
    at div
    at O (webpack-internal:///./node_modules/styled-components/dist/styled-components.browser.esm.js:32:10601)
    at div
    at O (webpack-internal:///./node_modules/styled-components/dist/styled-components.browser.esm.js:32:10601)
    at div
    at O (webpack-internal:///./node_modules/styled-components/dist/styled-components.browser.esm.js:32:10601)
    at div
    at O (webpack-internal:///./node_modules/styled-components/dist/styled-components.browser.esm.js:32:10601)
    at CollapsibleChecklist (webpack-internal:///./src/components/checklist/collapsible_checklist.tsx:54:5)
    at Draggable (webpack-internal:///./node_modules/react-beautiful-dnd/dist/react-beautiful-dnd.esm.js:7888:58)
    at ConnectFunction (webpack-internal:///../node_modules/react-redux/dist/react-redux.mjs:715:103)
    at PrivateDraggable (webpack-internal:///./node_modules/react-beautiful-dnd/dist/react-beautiful-dnd.esm.js:8240:26)
    at PublicDraggable (webpack-internal:///./node_modules/react-beautiful-dnd/dist/react-beautiful-dnd.esm.js:8250:32)
    at div
    at O (webpack-internal:///./node_modules/styled-components/dist/styled-components.browser.esm.js:32:10601)
    at Droppable (webpack-internal:///./node_modules/react-beautiful-dnd/dist/react-beautiful-dnd.esm.js:8262:69)
    at ConnectFunction (webpack-internal:///../node_modules/react-redux/dist/react-redux.mjs:715:103)
    at Provider (webpack-internal:///../node_modules/react-redux/dist/react-redux.mjs:891:11)
    at App (webpack-internal:///./node_modules/react-beautiful-dnd/dist/react-beautiful-dnd.esm.js:6858:25)
    at ErrorBoundary (webpack-internal:///./node_modules/react-beautiful-dnd/dist/react-beautiful-dnd.esm.js:121:35)
    at DragDropContext (webpack-internal:///./node_modules/react-beautiful-dnd/dist/react-beautiful-dnd.esm.js:6987:19)
    at ChecklistList (webpack-internal:///./src/components/checklist/checklist_list.tsx:113:5)
    at div
    at O (webpack-internal:///./node_modules/styled-components/dist/styled-components.browser.esm.js:32:10601)
    at RHSChecklistList (webpack-internal:///./src/components/rhs/rhs_checklist_list.tsx:97:5)
    at div
    at O (webpack-internal:///./node_modules/styled-components/dist/styled-components.browser.esm.js:32:10601)
    at div
    at Scrollbars (webpack-internal:///./node_modules/react-custom-scrollbars/lib/Scrollbars/index.js:65:9)
    at div
    at O (webpack-internal:///./node_modules/styled-components/dist/styled-components.browser.esm.js:32:10601)
    at div
    at O (webpack-internal:///./node_modules/styled-components/dist/styled-components.browser.esm.js:32:10601)
    at RHSRunDetails (webpack-internal:///./src/components/rhs/rhs_run_details.tsx:101:84)
    at RightHandSidebar (webpack-internal:///./src/components/rhs/rhs_main.tsx:140:3)
    at ToastProvider (webpack-internal:///./src/components/backstage/toast_banner.tsx:44:78)
    at RHSWrapped
    at ApolloProvider (webpack-internal:///./node_modules/@apollo/client/react/context/ApolloProvider.js:12:21)
    at ApolloWrapper (webpack-internal:///./src/graphql/apollo.tsx:50:19)
    at RHSWrapped
    at PluggableErrorBoundary (webpack-internal:///./src/plugins/pluggable/error_boundary.tsx:18:1)
    at Pluggable (webpack-internal:///./src/plugins/pluggable/pluggable.tsx:30:5)
    at div
    at RhsPlugin (webpack-internal:///./src/plugins/rhs_plugin/rhs_plugin.tsx:28:3)
    at ConnectFunction (webpack-internal:///../node_modules/react-redux/dist/react-redux.mjs:715:103)
    at div
    at Search (webpack-internal:///./src/components/search/search.tsx:97:12)
    at ConnectFunction (webpack-internal:///../node_modules/react-redux/dist/react-redux.mjs:715:103)
    at div
    at div
    at ResizableRhs (webpack-internal:///./src/components/resizable_sidebar/resizable_rhs/index.tsx:22:3)
    at SidebarRight (webpack-internal:///./src/components/sidebar_right/sidebar_right.tsx:50:5)
    at ConnectFunction (webpack-internal:///../node_modules/react-redux/dist/react-redux.mjs:715:103)
    at C (webpack-internal:///../node_modules/react-router/esm/react-router.js:905:37)
    at Suspense
    at SidebarRight
    at div
    at WithUserTheme (webpack-internal:///./src/components/theme_provider/theme_context.ts:70:3)
    at Switch (webpack-internal:///../node_modules/react-router/esm/react-router.js:850:29)
    at ThemeProvider (webpack-internal:///./src/components/theme_provider/theme_provider.tsx:22:3)
    at IntlProvider (webpack-internal:///../node_modules/react-intl/lib/src/components/provider.js:42:47)
    at IntlProvider (webpack-internal:///./src/components/intl_provider/intl_provider.tsx:34:1)
    at ConnectFunction (webpack-internal:///../node_modules/react-redux/dist/react-redux.mjs:715:103)
    at $aa2f6803409b81b0$export$2e8248bc2a7d4e5c (webpack-internal:///../platform/shared/dist/context/context.module.js:18:13)
    at SharedPackageProvider (webpack-internal:///./src/components/root/shared_package_provider.tsx:20:3)
    at RootProvider (webpack-internal:///./src/components/root/root_provider.tsx:24:157)
    at Root (webpack-internal:///./src/components/root/root.tsx:170:5)
    at ConnectFunction (webpack-internal:///../node_modules/react-redux/dist/react-redux.mjs:715:103)
    at C (webpack-internal:///../node_modules/react-router/esm/react-router.js:905:37)
    at Suspense
    at Root
    at Router (webpack-internal:///../node_modules/react-router/esm/react-router.js:267:30)
    at Provider (webpack-internal:///../node_modules/react-redux/dist/react-redux.mjs:891:11)
    at App @ webpack-internal:///../node_modules/react-dom/cjs/react-dom.development.js:85
[ 1670254ms] [ERROR] Failed to load resource: the server responded with a status of 400 (Bad Request) @ http://localhost:8065/api/v4/jobs/type/post_persistent_notifications?page=0&per_page=50:0
[ 1850263ms] [ERROR] Failed to load resource: the server responded with a status of 400 (Bad Request) @ http://localhost:8065/api/v4/jobs/type/post_persistent_notifications?page=0&per_page=50:0
[ 1910368ms] [ERROR] Failed to load resource: the server responded with a status of 400 (Bad Request) @ http://localhost:8065/api/v4/jobs/type/delete_expired_posts?page=0&per_page=50:0
[ 1988243ms] [LOG] Loading plugin playbooks, version 2.11.0+af80def4 @ webpack-internal:///./src/plugins/index.ts:176
[ 1988825ms] [WARNING] You are loading @emotion/react when it is already loaded. Running multiple instances may cause problems. This can happen if multiple versions are used, or if multiple builds of the same version are used. @ webpack-internal:///./node_modules/@emotion/react/dist/emotion-react.browser.esm.js:377
[ 1989007ms] [LOG] Download the Apollo DevTools for a better development experience: https://chrome.google.com/webstore/detail/apollo-client-developer-t/jdkknkkbebbapilgoeccciglkfbmbnfm @ webpack-internal:///./node_modules/ts-invariant/lib/invariant.js:42
[ 1989166ms] [LOG] Loaded plugin playbooks, version 2.11.0+af80def4 @ webpack-internal:///./src/plugins/index.ts:163
[ 1989306ms] [WARNING] Selector unknown returned a different result when called with the same parameters. This can lead to unnecessary rerenders.
Selectors that return a new reference (such as an object or an array) should be memoized: https://redux.js.org/usage/deriving-data-selectors#optimizing-selectors-with-memoization {state: Object, selected: , selected2: , stack: Error
    at eval (webpack-internal:///../node_mod…nal:///./src/components/rhs/rhs_about.tsx:180:64)} @ webpack-internal:///../node_modules/react-redux/dist/react-redux.mjs:1018
[ 2030299ms] [ERROR] Failed to load resource: the server responded with a status of 400 (Bad Request) @ http://localhost:8065/api/v4/jobs/type/post_persistent_notifications?page=0&per_page=50:0
